{
  "name" : "DataTest",
  "yangVersion" : "1.0",
  "organization" : "www.bigdb.net",
  "contact" : "Paddy Huntington",
  "description" : "Test module headers",
  "reference" : "Test reference",
  "dataStatements" : [ {
    "name" : "config-data",
    "config" : true,
    "childStatements" : [ {
      "name" : "int1",
      "description" : "XYZ",
      "status" : "DEPRECATED",
      "type" : {
        "name" : "int32"
      },
      "mandatory" : true,
      "statementType" : "leaf"
    }, {
      "name" : "subtree1",
      "childStatements" : [ {
        "name" : "percentage1",
        "description" : "ABC",
        "type" : {
          "name" : "uint8",
          "numericalRestrictions" : {
            "rangeStatement" : {
              "description" : "Percentage",
              "errorMessage" : "Percentage out of range",
              "rangeParts" : [ {
                "start" : "min",
                "end" : 100
              } ]
            }
          }
        },
        "minElements" : 1,
        "maxElements" : 100,
        "statementType" : "leaf-list"
      }, {
        "name" : "dummy",
        "childStatements" : [ {
          "name" : "string1",
          "type" : {
            "name" : "string"
          },
          "statementType" : "leaf"
        }, {
          "name" : "boolean1",
          "type" : {
            "name" : "boolean"
          },
          "statementType" : "leaf"
        }, {
          "name" : "int2",
          "type" : {
            "name" : "int16"
          },
          "statementType" : "leaf"
        } ],
        "minElements" : 0,
        "maxElements" : 0,
        "statementType" : "list"
      } ],
      "statementType" : "container"
    }, {
      "name" : "subtree2",
      "childStatements" : [ {
        "name" : "names",
        "type" : {
          "name" : "string"
        },
        "minElements" : 0,
        "maxElements" : 0,
        "statementType" : "leaf-list"
      } ],
      "statementType" : "container"
    } ],
    "statementType" : "container"
  }, {
    "name" : "operational-data",
    "childStatements" : [ {
      "name" : "int4",
      "type" : {
        "name" : "int32"
      },
      "statementType" : "leaf"
    } ],
    "statementType" : "container"
  } ],
  "namespace" : "org.projectfloodlight.db",
  "prefix" : "dt"
}