{
  "modules" : {
    "Controller" : {
      "prefix" : "c",
      "typedefs" : {
        "ip-address" : {
          "name" : "ip-address",
          "module" : {
            "name" : "Controller"
          },
          "nodeType" : "LEAF",
          "description" : "A dotted decimal IP string",
          "typeSchemaNode" : {
            "name" : "ip-address",
            "module" : {
              "name" : "Controller"
            },
            "nodeType" : "TYPE",
            "leafType" : "STRING",
            "typeValidator" : [ {
              "type" : "LENGTH_VALIDATOR",
              "ranges" : [ {
                "start" : 0,
                "end" : 9223372036854775807
              } ]
            }, {
              "type" : "PATTERN_VALIDATOR",
              "pattern" : "([0-9]{1,3}\\.){3}[0-9]{1,3}"
            } ]
          },
          "leafType" : "STRING"
        },
        "vlan-id" : {
          "name" : "vlan-id",
          "module" : {
            "name" : "Controller"
          },
          "nodeType" : "LEAF",
          "description" : "VLAN tag",
          "typeSchemaNode" : {
            "name" : "vlan-id",
            "module" : {
              "name" : "Controller"
            },
            "nodeType" : "TYPE",
            "leafType" : "INTEGER",
            "typeValidator" : [ {
              "type" : "RANGE_VALIDATOR",
              "ranges" : [ {
                "start" : 0,
                "end" : 4096
              } ]
            } ]
          },
          "leafType" : "INTEGER"
        },
        "date-time" : {
          "name" : "date-time",
          "module" : {
            "name" : "Controller"
          },
          "nodeType" : "LEAF",
          "description" : "Date string",
          "typeSchemaNode" : {
            "name" : "date-time",
            "module" : {
              "name" : "Controller"
            },
            "nodeType" : "TYPE",
            "leafType" : "STRING",
            "typeValidator" : [ {
              "type" : "LENGTH_VALIDATOR",
              "ranges" : [ {
                "start" : 0,
                "end" : 64
              } ]
            }, {
              "type" : "PATTERN_VALIDATOR",
              "pattern" : "[0-9]+"
            } ]
          },
          "leafType" : "STRING"
        },
        "dpid" : {
          "name" : "dpid",
          "module" : {
            "name" : "Controller"
          },
          "nodeType" : "LEAF",
          "description" : "A colon-separated hex DPID string",
          "typeSchemaNode" : {
            "name" : "dpid",
            "module" : {
              "name" : "Controller"
            },
            "nodeType" : "TYPE",
            "leafType" : "STRING",
            "typeValidator" : [ {
              "type" : "LENGTH_VALIDATOR",
              "ranges" : [ {
                "start" : 0,
                "end" : 32
              } ]
            }, {
              "type" : "PATTERN_VALIDATOR",
              "pattern" : "[0-9a-fA-F]{2}(:[0-9a-fA-F]{2}){7}"
            } ]
          },
          "leafType" : "STRING"
        },
        "mac-address" : {
          "name" : "mac-address",
          "module" : {
            "name" : "Controller"
          },
          "nodeType" : "LEAF",
          "description" : "A colon-separated hex MAC string",
          "typeSchemaNode" : {
            "name" : "mac-address",
            "module" : {
              "name" : "Controller"
            },
            "nodeType" : "TYPE",
            "leafType" : "STRING",
            "typeValidator" : [ {
              "type" : "LENGTH_VALIDATOR",
              "ranges" : [ {
                "start" : 0,
                "end" : 9223372036854775807
              } ]
            }, {
              "type" : "PATTERN_VALIDATOR",
              "pattern" : "[0-9a-fA-F]{2}(:[0-9a-fA-F]{2}){5}"
            } ]
          },
          "leafType" : "STRING"
        }
      },
      "id" : {
        "name" : "Controller"
      }
    }
  },
  "schemaRoot" : {
    "nodeType" : "CONTAINER",
    "attributes" : {
      "Config" : "true"
    },
    "childNodes" : {
      "schemas" : {
        "name" : "schemas",
        "module" : {
          "name" : "Controller"
        },
        "nodeType" : "CONTAINER",
        "childNodes" : {
          "hosts" : {
            "name" : "hosts",
            "module" : {
              "name" : "Controller"
            },
            "nodeType" : "LIST",
            "listElementSchemaNode" : {
              "module" : {
                "name" : "Controller"
              },
              "nodeType" : "LIST_ELEMENT",
              "childNodes" : {
                "aliases" : {
                  "name" : "aliases",
                  "module" : {
                    "name" : "Controller"
                  },
                  "nodeType" : "LEAF_LIST",
                  "description" : "Aliases for this host",
                  "attributes" : {
                    "Config" : "true"
                  },
                  "leafSchemaNode" : {
                    "module" : {
                      "name" : "Controller"
                    },
                    "nodeType" : "LEAF",
                    "mandatory" : false,
                    "typeSchemaNode" : {
                      "module" : {
                        "name" : "Controller"
                      },
                      "nodeType" : "TYPE",
                      "leafType" : "STRING"
                    },
                    "leafType" : "STRING"
                  }
                },
                "attachment-points" : {
                  "name" : "attachment-points",
                  "module" : {
                    "name" : "Controller"
                  },
                  "nodeType" : "LIST",
                  "listElementSchemaNode" : {
                    "module" : {
                      "name" : "Controller"
                    },
                    "nodeType" : "LIST_ELEMENT",
                    "childNodes" : {
                      "error-status" : {
                        "name" : "error-status",
                        "module" : {
                          "name" : "Controller"
                        },
                        "nodeType" : "LEAF",
                        "mandatory" : false,
                        "typeSchemaNode" : {
                          "name" : "error-status",
                          "module" : {
                            "name" : "Controller"
                          },
                          "nodeType" : "TYPE",
                          "leafType" : "STRING"
                        },
                        "leafType" : "STRING"
                      },
                      "id" : {
                        "name" : "id",
                        "module" : {
                          "name" : "Controller"
                        },
                        "nodeType" : "LEAF",
                        "mandatory" : false,
                        "typeSchemaNode" : {
                          "name" : "id",
                          "module" : {
                            "name" : "Controller"
                          },
                          "nodeType" : "TYPE",
                          "leafType" : "STRING"
                        },
                        "leafType" : "STRING"
                      },
                      "inport" : {
                        "name" : "inport",
                        "module" : {
                          "name" : "Controller"
                        },
                        "nodeType" : "LEAF",
                        "mandatory" : false,
                        "typeSchemaNode" : {
                          "name" : "inport",
                          "module" : {
                            "name" : "Controller"
                          },
                          "nodeType" : "TYPE",
                          "leafType" : "INTEGER",
                          "typeValidator" : [ {
                            "type" : "RANGE_VALIDATOR",
                            "ranges" : [ {
                              "start" : 1,
                              "end" : 65535
                            } ]
                          } ]
                        },
                        "leafType" : "INTEGER"
                      },
                      "last-seen" : {
                        "name" : "last-seen",
                        "module" : {
                          "name" : "Controller"
                        },
                        "nodeType" : "LEAF",
                        "mandatory" : false,
                        "typeSchemaNode" : {
                          "name" : "date-time",
                          "module" : {
                            "name" : "Controller"
                          },
                          "nodeType" : "TYPE",
                          "leafType" : "STRING",
                          "typeValidator" : [ {
                            "type" : "LENGTH_VALIDATOR",
                            "ranges" : [ {
                              "start" : 0,
                              "end" : 64
                            } ]
                          }, {
                            "type" : "PATTERN_VALIDATOR",
                            "pattern" : "[0-9]+"
                          } ]
                        },
                        "leafType" : "STRING"
                      },
                      "switch" : {
                        "name" : "switch",
                        "module" : {
                          "name" : "Controller"
                        },
                        "nodeType" : "LEAF",
                        "mandatory" : false,
                        "typeSchemaNode" : {
                          "name" : "dpid",
                          "module" : {
                            "name" : "Controller"
                          },
                          "nodeType" : "TYPE",
                          "leafType" : "STRING",
                          "typeValidator" : [ {
                            "type" : "LENGTH_VALIDATOR",
                            "ranges" : [ {
                              "start" : 0,
                              "end" : 32
                            } ]
                          }, {
                            "type" : "PATTERN_VALIDATOR",
                            "pattern" : "[0-9a-fA-F]{2}(:[0-9a-fA-F]{2}){7}"
                          } ]
                        },
                        "leafType" : "STRING"
                      }
                    },
                    "keyNodeNames" : [ "id" ]
                  }
                },
                "last-seen" : {
                  "name" : "last-seen",
                  "module" : {
                    "name" : "Controller"
                  },
                  "nodeType" : "LEAF",
                  "mandatory" : false,
                  "typeSchemaNode" : {
                    "name" : "date-time",
                    "module" : {
                      "name" : "Controller"
                    },
                    "nodeType" : "TYPE",
                    "leafType" : "STRING",
                    "typeValidator" : [ {
                      "type" : "LENGTH_VALIDATOR",
                      "ranges" : [ {
                        "start" : 0,
                        "end" : 64
                      } ]
                    }, {
                      "type" : "PATTERN_VALIDATOR",
                      "pattern" : "[0-9]+"
                    } ]
                  },
                  "leafType" : "STRING"
                },
                "mac" : {
                  "name" : "mac",
                  "module" : {
                    "name" : "Controller"
                  },
                  "nodeType" : "LEAF",
                  "mandatory" : false,
                  "description" : "MAC Address",
                  "typeSchemaNode" : {
                    "name" : "mac-address",
                    "module" : {
                      "name" : "Controller"
                    },
                    "nodeType" : "TYPE",
                    "leafType" : "STRING",
                    "typeValidator" : [ {
                      "type" : "LENGTH_VALIDATOR",
                      "ranges" : [ {
                        "start" : 0,
                        "end" : 9223372036854775807
                      } ]
                    }, {
                      "type" : "PATTERN_VALIDATOR",
                      "pattern" : "[0-9a-fA-F]{2}(:[0-9a-fA-F]{2}){5}"
                    } ]
                  },
                  "leafType" : "STRING"
                },
                "network-addresses" : {
                  "name" : "network-addresses",
                  "module" : {
                    "name" : "Controller"
                  },
                  "nodeType" : "LIST",
                  "listElementSchemaNode" : {
                    "module" : {
                      "name" : "Controller"
                    },
                    "nodeType" : "LIST_ELEMENT",
                    "childNodes" : {
                      "id" : {
                        "name" : "id",
                        "module" : {
                          "name" : "Controller"
                        },
                        "nodeType" : "LEAF",
                        "mandatory" : false,
                        "typeSchemaNode" : {
                          "name" : "id",
                          "module" : {
                            "name" : "Controller"
                          },
                          "nodeType" : "TYPE",
                          "leafType" : "STRING"
                        },
                        "leafType" : "STRING"
                      },
                      "ip" : {
                        "name" : "ip",
                        "module" : {
                          "name" : "Controller"
                        },
                        "nodeType" : "LEAF",
                        "mandatory" : false,
                        "typeSchemaNode" : {
                          "name" : "ip-address",
                          "module" : {
                            "name" : "Controller"
                          },
                          "nodeType" : "TYPE",
                          "leafType" : "STRING",
                          "typeValidator" : [ {
                            "type" : "LENGTH_VALIDATOR",
                            "ranges" : [ {
                              "start" : 0,
                              "end" : 9223372036854775807
                            } ]
                          }, {
                            "type" : "PATTERN_VALIDATOR",
                            "pattern" : "([0-9]{1,3}\\.){3}[0-9]{1,3}"
                          } ]
                        },
                        "leafType" : "STRING"
                      },
                      "last-seen" : {
                        "name" : "last-seen",
                        "module" : {
                          "name" : "Controller"
                        },
                        "nodeType" : "LEAF",
                        "mandatory" : false,
                        "typeSchemaNode" : {
                          "name" : "date-time",
                          "module" : {
                            "name" : "Controller"
                          },
                          "nodeType" : "TYPE",
                          "leafType" : "STRING",
                          "typeValidator" : [ {
                            "type" : "LENGTH_VALIDATOR",
                            "ranges" : [ {
                              "start" : 0,
                              "end" : 64
                            } ]
                          }, {
                            "type" : "PATTERN_VALIDATOR",
                            "pattern" : "[0-9]+"
                          } ]
                        },
                        "leafType" : "STRING"
                      }
                    },
                    "keyNodeNames" : [ "id" ]
                  }
                },
                "vlan" : {
                  "name" : "vlan",
                  "module" : {
                    "name" : "Controller"
                  },
                  "nodeType" : "LEAF",
                  "mandatory" : false,
                  "typeSchemaNode" : {
                    "name" : "vlan-id",
                    "module" : {
                      "name" : "Controller"
                    },
                    "nodeType" : "TYPE",
                    "leafType" : "INTEGER",
                    "typeValidator" : [ {
                      "type" : "RANGE_VALIDATOR",
                      "ranges" : [ {
                        "start" : 0,
                        "end" : 4096
                      } ]
                    } ]
                  },
                  "leafType" : "INTEGER"
                }
              },
              "keyNodeNames" : [ "mac" ]
            }
          },
          "switches" : {
            "name" : "switches",
            "module" : {
              "name" : "Controller"
            },
            "nodeType" : "LIST",
            "attributes" : {
              "Config" : "false"
            },
            "listElementSchemaNode" : {
              "module" : {
                "name" : "Controller"
              },
              "nodeType" : "LIST_ELEMENT",
              "childNodes" : {
                "active" : {
                  "name" : "active",
                  "module" : {
                    "name" : "Controller"
                  },
                  "nodeType" : "LEAF",
                  "mandatory" : false,
                  "description" : "Switch is actively connected to the controller",
                  "typeSchemaNode" : {
                    "name" : "active",
                    "module" : {
                      "name" : "Controller"
                    },
                    "nodeType" : "TYPE",
                    "leafType" : "BOOLEAN"
                  },
                  "leafType" : "BOOLEAN"
                },
                "aliases" : {
                  "name" : "aliases",
                  "module" : {
                    "name" : "Controller"
                  },
                  "nodeType" : "LEAF_LIST",
                  "description" : "Aliases for the switch",
                  "leafSchemaNode" : {
                    "module" : {
                      "name" : "Controller"
                    },
                    "nodeType" : "LEAF",
                    "mandatory" : false,
                    "typeSchemaNode" : {
                      "module" : {
                        "name" : "Controller"
                      },
                      "nodeType" : "TYPE",
                      "leafType" : "STRING"
                    },
                    "leafType" : "STRING"
                  }
                },
                "capabilities" : {
                  "name" : "capabilities",
                  "module" : {
                    "name" : "Controller"
                  },
                  "nodeType" : "LEAF",
                  "mandatory" : false,
                  "typeSchemaNode" : {
                    "name" : "capabilities",
                    "module" : {
                      "name" : "Controller"
                    },
                    "nodeType" : "TYPE",
                    "leafType" : "INTEGER",
                    "typeValidator" : [ {
                      "type" : "RANGE_VALIDATOR",
                      "ranges" : [ {
                        "start" : 0,
                        "end" : 4294967295
                      } ]
                    } ]
                  },
                  "leafType" : "INTEGER"
                },
                "connected-since" : {
                  "name" : "connected-since",
                  "module" : {
                    "name" : "Controller"
                  },
                  "nodeType" : "LEAF",
                  "mandatory" : false,
                  "typeSchemaNode" : {
                    "name" : "date-time",
                    "module" : {
                      "name" : "Controller"
                    },
                    "nodeType" : "TYPE",
                    "leafType" : "STRING",
                    "typeValidator" : [ {
                      "type" : "LENGTH_VALIDATOR",
                      "ranges" : [ {
                        "start" : 0,
                        "end" : 64
                      } ]
                    }, {
                      "type" : "PATTERN_VALIDATOR",
                      "pattern" : "[0-9]+"
                    } ]
                  },
                  "leafType" : "STRING"
                },
                "core-switch" : {
                  "name" : "core-switch",
                  "module" : {
                    "name" : "Controller"
                  },
                  "nodeType" : "LEAF",
                  "mandatory" : false,
                  "typeSchemaNode" : {
                    "name" : "core-switch",
                    "module" : {
                      "name" : "Controller"
                    },
                    "nodeType" : "TYPE",
                    "leafType" : "BOOLEAN"
                  },
                  "leafType" : "BOOLEAN"
                },
                "dpid" : {
                  "name" : "dpid",
                  "module" : {
                    "name" : "Controller"
                  },
                  "nodeType" : "LEAF",
                  "mandatory" : false,
                  "description" : "Datapath ID of the switch",
                  "typeSchemaNode" : {
                    "name" : "dpid",
                    "module" : {
                      "name" : "Controller"
                    },
                    "nodeType" : "TYPE",
                    "leafType" : "STRING",
                    "typeValidator" : [ {
                      "type" : "LENGTH_VALIDATOR",
                      "ranges" : [ {
                        "start" : 0,
                        "end" : 32
                      } ]
                    }, {
                      "type" : "PATTERN_VALIDATOR",
                      "pattern" : "[0-9a-fA-F]{2}(:[0-9a-fA-F]{2}){7}"
                    } ]
                  },
                  "leafType" : "STRING"
                },
                "ip" : {
                  "name" : "ip",
                  "module" : {
                    "name" : "Controller"
                  },
                  "nodeType" : "LEAF",
                  "mandatory" : false,
                  "description" : "IP address of switch",
                  "typeSchemaNode" : {
                    "name" : "ip-address",
                    "module" : {
                      "name" : "Controller"
                    },
                    "nodeType" : "TYPE",
                    "leafType" : "STRING",
                    "typeValidator" : [ {
                      "type" : "LENGTH_VALIDATOR",
                      "ranges" : [ {
                        "start" : 0,
                        "end" : 9223372036854775807
                      } ]
                    }, {
                      "type" : "PATTERN_VALIDATOR",
                      "pattern" : "([0-9]{1,3}\\.){3}[0-9]{1,3}"
                    } ]
                  },
                  "leafType" : "STRING"
                },
                "ports" : {
                  "name" : "ports",
                  "module" : {
                    "name" : "Controller"
                  },
                  "nodeType" : "LIST",
                  "listElementSchemaNode" : {
                    "module" : {
                      "name" : "Controller"
                    },
                    "nodeType" : "LIST_ELEMENT",
                    "childNodes" : {
                      "advertised-features" : {
                        "name" : "advertised-features",
                        "module" : {
                          "name" : "Controller"
                        },
                        "nodeType" : "LEAF",
                        "mandatory" : false,
                        "typeSchemaNode" : {
                          "name" : "advertised-features",
                          "module" : {
                            "name" : "Controller"
                          },
                          "nodeType" : "TYPE",
                          "leafType" : "INTEGER",
                          "typeValidator" : [ {
                            "type" : "RANGE_VALIDATOR",
                            "ranges" : [ {
                              "start" : 0,
                              "end" : 4294967295
                            } ]
                          } ]
                        },
                        "leafType" : "INTEGER"
                      },
                      "config-flags" : {
                        "name" : "config-flags",
                        "module" : {
                          "name" : "Controller"
                        },
                        "nodeType" : "LEAF",
                        "mandatory" : false,
                        "typeSchemaNode" : {
                          "name" : "config-flags",
                          "module" : {
                            "name" : "Controller"
                          },
                          "nodeType" : "TYPE",
                          "leafType" : "INTEGER",
                          "typeValidator" : [ {
                            "type" : "RANGE_VALIDATOR",
                            "ranges" : [ {
                              "start" : 0,
                              "end" : 4294967295
                            } ]
                          } ]
                        },
                        "leafType" : "INTEGER"
                      },
                      "current-features" : {
                        "name" : "current-features",
                        "module" : {
                          "name" : "Controller"
                        },
                        "nodeType" : "LEAF",
                        "mandatory" : false,
                        "typeSchemaNode" : {
                          "name" : "current-features",
                          "module" : {
                            "name" : "Controller"
                          },
                          "nodeType" : "TYPE",
                          "leafType" : "INTEGER",
                          "typeValidator" : [ {
                            "type" : "RANGE_VALIDATOR",
                            "ranges" : [ {
                              "start" : 0,
                              "end" : 4294967295
                            } ]
                          } ]
                        },
                        "leafType" : "INTEGER"
                      },
                      "hardware-address" : {
                        "name" : "hardware-address",
                        "module" : {
                          "name" : "Controller"
                        },
                        "nodeType" : "LEAF",
                        "mandatory" : false,
                        "typeSchemaNode" : {
                          "name" : "mac-address",
                          "module" : {
                            "name" : "Controller"
                          },
                          "nodeType" : "TYPE",
                          "leafType" : "STRING",
                          "typeValidator" : [ {
                            "type" : "LENGTH_VALIDATOR",
                            "ranges" : [ {
                              "start" : 0,
                              "end" : 9223372036854775807
                            } ]
                          }, {
                            "type" : "PATTERN_VALIDATOR",
                            "pattern" : "[0-9a-fA-F]{2}(:[0-9a-fA-F]{2}){5}"
                          } ]
                        },
                        "leafType" : "STRING"
                      },
                      "name" : {
                        "name" : "name",
                        "module" : {
                          "name" : "Controller"
                        },
                        "nodeType" : "LEAF",
                        "mandatory" : false,
                        "typeSchemaNode" : {
                          "name" : "name",
                          "module" : {
                            "name" : "Controller"
                          },
                          "nodeType" : "TYPE",
                          "leafType" : "STRING"
                        },
                        "leafType" : "STRING"
                      },
                      "number" : {
                        "name" : "number",
                        "module" : {
                          "name" : "Controller"
                        },
                        "nodeType" : "LEAF",
                        "mandatory" : false,
                        "typeSchemaNode" : {
                          "name" : "number",
                          "module" : {
                            "name" : "Controller"
                          },
                          "nodeType" : "TYPE",
                          "leafType" : "INTEGER",
                          "typeValidator" : [ {
                            "type" : "RANGE_VALIDATOR",
                            "ranges" : [ {
                              "start" : 1,
                              "end" : 65535
                            } ]
                          } ]
                        },
                        "leafType" : "INTEGER"
                      },
                      "state-flags" : {
                        "name" : "state-flags",
                        "module" : {
                          "name" : "Controller"
                        },
                        "nodeType" : "LEAF",
                        "mandatory" : false,
                        "typeSchemaNode" : {
                          "name" : "state-flags",
                          "module" : {
                            "name" : "Controller"
                          },
                          "nodeType" : "TYPE",
                          "leafType" : "INTEGER",
                          "typeValidator" : [ {
                            "type" : "RANGE_VALIDATOR",
                            "ranges" : [ {
                              "start" : 0,
                              "end" : 4294967295
                            } ]
                          } ]
                        },
                        "leafType" : "INTEGER"
                      }
                    }
                  }
                }
              },
              "keyNodeNames" : [ "dpid" ]
            }
          }
        }
      }
    }
  }
}