{
  "address" : [ {
    "city" : "Mountain View",
    "state" : "CA",
    "street" : "1234 Evelyn Ave.",
    "zip-code" : "94567"
  }, {
    "city" : "Palo Alto",
    "state" : "CA",
    "street" : "356 University Ave.",
    "zip-code" : "93015"
  } ],
  "first-name" : "Katherine",
  "id" : "123-45-1111",
  "nickname" : [ "Katie", "Kate" ]
}