{
  "test" : {
    "child1" : 100,
    "child3" : [ "foo", "bar" ],
    "child4" : [ {
      "child41" : "abc",
      "child42" : [ {
        "child421" : "baa",
        "child422" : 100
      }, {
        "child421" : "bbb",
        "child422" : 200
      }, {
        "child421" : "ccc",
        "child422" : 300
      }, {
        "child421" : "ddd",
        "child422" : 400
      }, {
        "child421" : "eee",
        "child422" : 500
      } ]
    } ]
  }
}