[ {
  "child41" : "abc",
  "child42" : [ {
    "child421" : "exclude2",
    "child422" : 200
  }, {
    "child421" : "exclude3",
    "child422" : 300
  } ]
}, {
  "child41" : "def",
  "child42" : [ {
    "child421" : "exclude2",
    "child422" : 200
  }, {
    "child421" : "exclude3",
    "child422" : 300
  } ]
} ]