[ {
  "flags" : 11,
  "info" : {
    "counter" : 111,
    "description" : "hello1"
  },
  "name" : "abc"
}, {
  "flags" : 22,
  "info" : {
    "counter" : 222,
    "description" : "hello2"
  },
  "name" : "bar"
}, {
  "flags" : 33,
  "info" : {
    "counter" : 333,
    "description" : "hello3"
  },
  "name" : "foobar"
}, {
  "flags" : 44,
  "info" : {
    "counter" : 444,
    "description" : "hello4"
  },
  "name" : "xyz"
} ]