[ {
  "cluster" : {
    "node-link" : [ {
      "link" : [ {
        "dst" : {
          "port" : 2,
          "switch-dpid" : "00:00:00:00:00:00:00:02"
        },
        "src" : {
          "port" : 1,
          "switch-dpid" : "00:00:00:00:00:00:00:01"
        }
      } ],
      "switch-dpid" : "00:00:00:00:00:00:00:01"
    }, {
      "link" : [ {
        "dst" : {
          "port" : 1,
          "switch-dpid" : "00:00:00:00:00:00:00:03"
        },
        "src" : {
          "port" : 3,
          "switch-dpid" : "00:00:00:00:00:00:00:02"
        }
      }, {
        "dst" : {
          "port" : 2,
          "switch-dpid" : "00:00:00:00:00:00:00:02"
        },
        "src" : {
          "port" : 1,
          "switch-dpid" : "00:00:00:00:00:00:00:01"
        }
      } ],
      "switch-dpid" : "00:00:00:00:00:00:00:02"
    }, {
      "link" : [ {
        "dst" : {
          "port" : 1,
          "switch-dpid" : "00:00:00:00:00:00:00:03"
        },
        "src" : {
          "port" : 3,
          "switch-dpid" : "00:00:00:00:00:00:00:02"
        }
      } ],
      "switch-dpid" : "00:00:00:00:00:00:00:03"
    } ],
    "switch-dpid" : "00:00:00:00:00:00:00:01"
  },
  "id" : 1
}, {
  "cluster" : {
    "node-link" : [ {
      "link" : [ {
        "dst" : {
          "port" : 1,
          "switch-dpid" : "00:00:00:00:00:00:00:05"
        },
        "src" : {
          "port" : 1,
          "switch-dpid" : "00:00:00:00:00:00:00:04"
        }
      } ],
      "switch-dpid" : "00:00:00:00:00:00:00:04"
    }, {
      "link" : [ {
        "dst" : {
          "port" : 1,
          "switch-dpid" : "00:00:00:00:00:00:00:05"
        },
        "src" : {
          "port" : 1,
          "switch-dpid" : "00:00:00:00:00:00:00:04"
        }
      }, {
        "dst" : {
          "port" : 2,
          "switch-dpid" : "00:00:00:00:00:00:00:05"
        },
        "src" : {
          "port" : 1,
          "switch-dpid" : "00:00:00:00:00:00:00:06"
        }
      } ],
      "switch-dpid" : "00:00:00:00:00:00:00:05"
    }, {
      "link" : [ {
        "dst" : {
          "port" : 2,
          "switch-dpid" : "00:00:00:00:00:00:00:05"
        },
        "src" : {
          "port" : 1,
          "switch-dpid" : "00:00:00:00:00:00:00:06"
        }
      } ],
      "switch-dpid" : "00:00:00:00:00:00:00:06"
    } ],
    "switch-dpid" : "00:00:00:00:00:00:00:04"
  },
  "id" : 4
} ]